<?xml version="1.0" encoding="utf-8"?>
<TestRun id="38f5d969-a2cb-49f6-b6a6-78941f2e6dee" name="Adriel@DESKTOP-5SU00QI 2023-01-13 14:16:59" runUser="DESKTOP-5SU00QI\Adriel" xmlns="http://microsoft.com/schemas/VisualStudio/TeamTest/2010">
  <Times creation="2023-01-13T14:16:59.8002691-03:00" queuing="2023-01-13T14:16:59.8002694-03:00" start="2023-01-13T14:16:58.1308229-03:00" finish="2023-01-13T14:16:59.8455980-03:00" />
  <TestSettings name="default" id="86ea3188-efba-43ed-a5ae-aec6fe6a44ed">
    <Deployment runDeploymentRoot="Adriel_DESKTOP-5SU00QI_2023-01-13_14_16_59" />
  </TestSettings>
  <Results>
    <UnitTestResult executionId="613b3a36-5e5e-4e4e-92d8-e991f4ff4799" testId="cfde0363-dd6c-4f53-9bf7-34d35bf96052" testName="Exercise.Test5.Class1Tests.TestMethod1" computerName="DESKTOP-5SU00QI" duration="00:00:00.0023258" startTime="2023-01-13T14:16:59.7250563-03:00" endTime="2023-01-13T14:16:59.7250564-03:00" testType="13cdc9d9-ddb5-4fa4-a97d-d965ccfc6d4b" outcome="Passed" testListId="8c84fa94-04c1-424b-9868-57a2d4851a1d" relativeResultsDirectory="613b3a36-5e5e-4e4e-92d8-e991f4ff4799" />
    <UnitTestResult executionId="f22ddcfc-1f92-4641-8a51-5baa65b04a32" testId="c12f5976-f009-55a5-351f-3959f4788b25" testName="Exercise.Test1.ExerciseTest1.IsNotMarried" computerName="DESKTOP-5SU00QI" duration="00:00:00.0001650" startTime="2023-01-13T14:16:59.7682303-03:00" endTime="2023-01-13T14:16:59.7682303-03:00" testType="13cdc9d9-ddb5-4fa4-a97d-d965ccfc6d4b" outcome="Passed" testListId="8c84fa94-04c1-424b-9868-57a2d4851a1d" relativeResultsDirectory="f22ddcfc-1f92-4641-8a51-5baa65b04a32" />
    <UnitTestResult executionId="b5d19fb1-37c4-4ca0-ac1a-e8a33252f243" testId="e3e7a577-7679-bb6c-943d-b6653eb7b3a9" testName="Exercise.Test2.ExerciseTest2.NumLessThan50(num: 50, expected: False)" computerName="DESKTOP-5SU00QI" duration="00:00:00.0000032" startTime="2023-01-13T14:16:59.7667673-03:00" endTime="2023-01-13T14:16:59.7667673-03:00" testType="13cdc9d9-ddb5-4fa4-a97d-d965ccfc6d4b" outcome="Passed" testListId="8c84fa94-04c1-424b-9868-57a2d4851a1d" relativeResultsDirectory="b5d19fb1-37c4-4ca0-ac1a-e8a33252f243" />
    <UnitTestResult executionId="1fe6c1a7-af06-4f3b-80f6-da4b301396b4" testId="0d006a94-8702-2d18-0f8d-8c564e9c7edb" testName="Exercise.Test2.ExerciseTest2.D1EqualD2With8DaysRange(year1: 2021, month1: 2, day1: 20, year2: 2020, month2: 2, day2: 25, expected: False)" computerName="DESKTOP-5SU00QI" duration="00:00:00.0000039" startTime="2023-01-13T14:16:59.7676224-03:00" endTime="2023-01-13T14:16:59.7676224-03:00" testType="13cdc9d9-ddb5-4fa4-a97d-d965ccfc6d4b" outcome="Passed" testListId="8c84fa94-04c1-424b-9868-57a2d4851a1d" relativeResultsDirectory="1fe6c1a7-af06-4f3b-80f6-da4b301396b4" />
    <UnitTestResult executionId="280d5ee6-e8c3-40fb-93a8-308f0efed3e1" testId="f7de06f9-1537-fbc3-12d8-eec2ded8ebd7" testName="Exercise.Test2.ExerciseTest2.NumGreaterOrEqualTo42(num: 42, expected: True)" computerName="DESKTOP-5SU00QI" duration="00:00:00.0000039" startTime="2023-01-13T14:16:59.7263998-03:00" endTime="2023-01-13T14:16:59.7263999-03:00" testType="13cdc9d9-ddb5-4fa4-a97d-d965ccfc6d4b" outcome="Passed" testListId="8c84fa94-04c1-424b-9868-57a2d4851a1d" relativeResultsDirectory="280d5ee6-e8c3-40fb-93a8-308f0efed3e1" />
    <UnitTestResult executionId="aec4c455-271f-4f65-8b0f-122ec9401159" testId="1faf6871-9a86-99f3-5489-d6f48e9659b3" testName="Exercise.Test2.ExerciseTest2.NumLessThan50(num: 49, expected: True)" computerName="DESKTOP-5SU00QI" duration="00:00:00.0000047" startTime="2023-01-13T14:16:59.7667153-03:00" endTime="2023-01-13T14:16:59.7667154-03:00" testType="13cdc9d9-ddb5-4fa4-a97d-d965ccfc6d4b" outcome="Passed" testListId="8c84fa94-04c1-424b-9868-57a2d4851a1d" relativeResultsDirectory="aec4c455-271f-4f65-8b0f-122ec9401159" />
    <UnitTestResult executionId="53d613c1-ac99-402b-aeb1-c6261887bf71" testId="0749cd84-7d4d-3887-f0f8-c12e4b85c1bb" testName="Exercise.Test4.ExerciseTest4.TestAddNumbersWithInlineData(a: 5, b: -3, expected: 2)" computerName="DESKTOP-5SU00QI" duration="00:00:00.0000048" startTime="2023-01-13T14:16:59.7666887-03:00" endTime="2023-01-13T14:16:59.7666887-03:00" testType="13cdc9d9-ddb5-4fa4-a97d-d965ccfc6d4b" outcome="Passed" testListId="8c84fa94-04c1-424b-9868-57a2d4851a1d" relativeResultsDirectory="53d613c1-ac99-402b-aeb1-c6261887bf71" />
    <UnitTestResult executionId="87dfc779-829a-4525-809a-c5c544e39dbe" testId="b0f32484-814c-052a-91cc-dc6db8c344ed" testName="Exercise.Test3.ExerciseTest3.StudentListNotEqualStudentList2" computerName="DESKTOP-5SU00QI" duration="00:00:00.0058586" startTime="2023-01-13T14:16:59.7684385-03:00" endTime="2023-01-13T14:16:59.7684385-03:00" testType="13cdc9d9-ddb5-4fa4-a97d-d965ccfc6d4b" outcome="Passed" testListId="8c84fa94-04c1-424b-9868-57a2d4851a1d" relativeResultsDirectory="87dfc779-829a-4525-809a-c5c544e39dbe" />
    <UnitTestResult executionId="53c98894-0fc1-47ea-9548-9b233ba6feaa" testId="979bd4db-5ab9-8542-9276-0e5de84853c6" testName="Exercise.Test4.ExerciseTest4.TestAddNumbersWithMemberDataInternal(a: 1, b: 2, expected: 3)" computerName="DESKTOP-5SU00QI" duration="00:00:00.0000059" startTime="2023-01-13T14:16:59.7263288-03:00" endTime="2023-01-13T14:16:59.7263288-03:00" testType="13cdc9d9-ddb5-4fa4-a97d-d965ccfc6d4b" outcome="Passed" testListId="8c84fa94-04c1-424b-9868-57a2d4851a1d" relativeResultsDirectory="53c98894-0fc1-47ea-9548-9b233ba6feaa" />
    <UnitTestResult executionId="6c9d0107-aaa8-4ac2-a5f1-adeb9fb92c25" testId="99af94f3-96bd-2d87-751f-2f8ce4f4a5b0" testName="Exercise.Test2.ExerciseTest2.NumBetween40And50(num: 39, expected: False)" computerName="DESKTOP-5SU00QI" duration="00:00:00.0000044" startTime="2023-01-13T14:16:59.7652681-03:00" endTime="2023-01-13T14:16:59.7652681-03:00" testType="13cdc9d9-ddb5-4fa4-a97d-d965ccfc6d4b" outcome="Passed" testListId="8c84fa94-04c1-424b-9868-57a2d4851a1d" relativeResultsDirectory="6c9d0107-aaa8-4ac2-a5f1-adeb9fb92c25" />
    <UnitTestResult executionId="25415dfc-5a1c-4519-8895-13a25c7bbc89" testId="5afa4dbb-0716-16bd-ff09-29035d8af367" testName="Exercise.Test4.ExerciseTest4.TestAddNumbersWithCsvData(a: 5, b: -3, expected: 2)" computerName="DESKTOP-5SU00QI" duration="00:00:00.0000038" startTime="2023-01-13T14:16:59.7652775-03:00" endTime="2023-01-13T14:16:59.7652775-03:00" testType="13cdc9d9-ddb5-4fa4-a97d-d965ccfc6d4b" outcome="Passed" testListId="8c84fa94-04c1-424b-9868-57a2d4851a1d" relativeResultsDirectory="25415dfc-5a1c-4519-8895-13a25c7bbc89" />
    <UnitTestResult executionId="a3462b15-406b-4f75-9262-064b8e6819fc" testId="3d1f3ad7-dd1a-fe23-ce08-bec2c689676b" testName="Exercise.Test4.ExerciseTest4.TestAddNumbersWithCsvData(a: 1, b: 2, expected: 3)" computerName="DESKTOP-5SU00QI" duration="00:00:00.0000050" startTime="2023-01-13T14:16:59.7652316-03:00" endTime="2023-01-13T14:16:59.7652316-03:00" testType="13cdc9d9-ddb5-4fa4-a97d-d965ccfc6d4b" outcome="Passed" testListId="8c84fa94-04c1-424b-9868-57a2d4851a1d" relativeResultsDirectory="a3462b15-406b-4f75-9262-064b8e6819fc" />
    <UnitTestResult executionId="935120cb-0f0b-4140-97ba-a9966d5a2f54" testId="8b9e1c7c-170d-1a95-e238-17442b20fd0f" testName="Exercise.Test1.ExerciseTest1.LastNameEndsWithEz" computerName="DESKTOP-5SU00QI" duration="00:00:00.0014205" startTime="2023-01-13T14:16:59.7676407-03:00" endTime="2023-01-13T14:16:59.7676408-03:00" testType="13cdc9d9-ddb5-4fa4-a97d-d965ccfc6d4b" outcome="Passed" testListId="8c84fa94-04c1-424b-9868-57a2d4851a1d" relativeResultsDirectory="935120cb-0f0b-4140-97ba-a9966d5a2f54" />
    <UnitTestResult executionId="d3dd314a-ad94-4d3c-9c2d-0b7b39b536a2" testId="35968605-d123-2ef3-9716-0c0caba02e1f" testName="Exercise.Test4.ExerciseTest4.TestAddNumbersWithInlineData(a: 0, b: 0, expected: 0)" computerName="DESKTOP-5SU00QI" duration="00:00:00.0000034" startTime="2023-01-13T14:16:59.7667373-03:00" endTime="2023-01-13T14:16:59.7667374-03:00" testType="13cdc9d9-ddb5-4fa4-a97d-d965ccfc6d4b" outcome="Passed" testListId="8c84fa94-04c1-424b-9868-57a2d4851a1d" relativeResultsDirectory="d3dd314a-ad94-4d3c-9c2d-0b7b39b536a2" />
    <UnitTestResult executionId="d8eb02b7-7f79-42f3-b745-a1ec5f9aa6ca" testId="96eb0704-ad13-7108-568c-d1b49f2d98b8" testName="Exercise.Test3.ExerciseTest3.StudentList3HasUniqueElements" computerName="DESKTOP-5SU00QI" duration="00:00:00.0005615" startTime="2023-01-13T14:16:59.7683532-03:00" endTime="2023-01-13T14:16:59.7683533-03:00" testType="13cdc9d9-ddb5-4fa4-a97d-d965ccfc6d4b" outcome="Passed" testListId="8c84fa94-04c1-424b-9868-57a2d4851a1d" relativeResultsDirectory="d8eb02b7-7f79-42f3-b745-a1ec5f9aa6ca" />
    <UnitTestResult executionId="507513b3-c580-4f5e-bf7e-eb27f99ab5a2" testId="267132cc-52c5-5e72-497c-13ad41920421" testName="Exercise.Test2.ExerciseTest2.D1NotEqualD2(year1: 2021, month1: 2, day1: 20, year2: 2020, month2: 2, day2: 25, expected: True)" computerName="DESKTOP-5SU00QI" duration="00:00:00.0000056" startTime="2023-01-13T14:16:59.7675100-03:00" endTime="2023-01-13T14:16:59.7675101-03:00" testType="13cdc9d9-ddb5-4fa4-a97d-d965ccfc6d4b" outcome="Passed" testListId="8c84fa94-04c1-424b-9868-57a2d4851a1d" relativeResultsDirectory="507513b3-c580-4f5e-bf7e-eb27f99ab5a2" />
    <UnitTestResult executionId="9a04fcbd-9ec5-4914-aa33-bd9eabaa26f4" testId="ad52401b-683c-6a3a-66e3-7289a31d98b9" testName="Exercise.Test4.ExerciseTest4.TestAddNumbersWithMemberDataExternal(a: 0, b: 0, expected: 0)" computerName="DESKTOP-5SU00QI" duration="00:00:00.0000597" startTime="2023-01-13T14:16:59.7668030-03:00" endTime="2023-01-13T14:16:59.7668031-03:00" testType="13cdc9d9-ddb5-4fa4-a97d-d965ccfc6d4b" outcome="Passed" testListId="8c84fa94-04c1-424b-9868-57a2d4851a1d" relativeResultsDirectory="9a04fcbd-9ec5-4914-aa33-bd9eabaa26f4" />
    <UnitTestResult executionId="9bfd22e4-f62b-4d2c-a360-76ef4c8b9eb1" testId="083b3549-1ff6-cf28-4153-ade080f279f1" testName="Exercise.Test4.ExerciseTest4.TestAddNumbersWithCsvData(a: 0, b: 0, expected: 0)" computerName="DESKTOP-5SU00QI" duration="00:00:00.0000671" startTime="2023-01-13T14:16:59.7651784-03:00" endTime="2023-01-13T14:16:59.7651785-03:00" testType="13cdc9d9-ddb5-4fa4-a97d-d965ccfc6d4b" outcome="Passed" testListId="8c84fa94-04c1-424b-9868-57a2d4851a1d" relativeResultsDirectory="9bfd22e4-f62b-4d2c-a360-76ef4c8b9eb1" />
    <UnitTestResult executionId="93c0b4c1-4f60-4eb7-82f2-4bc93eb7d886" testId="1f5c962f-79e1-b815-a4b3-36e9ad78eb53" testName="Exercise.Test4.ExerciseTest4.TestAddNumbersWithMemberDataInternal(a: 0, b: 0, expected: 0)" computerName="DESKTOP-5SU00QI" duration="00:00:00.0000210" startTime="2023-01-13T14:16:59.7262793-03:00" endTime="2023-01-13T14:16:59.7262796-03:00" testType="13cdc9d9-ddb5-4fa4-a97d-d965ccfc6d4b" outcome="Passed" testListId="8c84fa94-04c1-424b-9868-57a2d4851a1d" relativeResultsDirectory="93c0b4c1-4f60-4eb7-82f2-4bc93eb7d886" />
    <UnitTestResult executionId="cde9cdb5-19d2-4db8-a9dd-cf390d6cfc28" testId="dae78d36-03b6-a4f8-3f44-5a4db2e474d2" testName="Exercise.Test2.ExerciseTest2.D1NotEqualD2(year1: 2020, month1: 2, day1: 20, year2: 2020, month2: 2, day2: 25, expected: True)" computerName="DESKTOP-5SU00QI" duration="00:00:00.0001056" startTime="2023-01-13T14:16:59.7674805-03:00" endTime="2023-01-13T14:16:59.7674806-03:00" testType="13cdc9d9-ddb5-4fa4-a97d-d965ccfc6d4b" outcome="Passed" testListId="8c84fa94-04c1-424b-9868-57a2d4851a1d" relativeResultsDirectory="cde9cdb5-19d2-4db8-a9dd-cf390d6cfc28" />
    <UnitTestResult executionId="e6d7ec2a-f801-43f8-ae19-e31c7c7d7913" testId="a0133b41-9755-34cd-8ddd-1a52eee498ab" testName="Exercise.Test1.ExerciseTest1.NameContainsUa" computerName="DESKTOP-5SU00QI" duration="00:00:00.0001401" startTime="2023-01-13T14:16:59.7681676-03:00" endTime="2023-01-13T14:16:59.7681677-03:00" testType="13cdc9d9-ddb5-4fa4-a97d-d965ccfc6d4b" outcome="Passed" testListId="8c84fa94-04c1-424b-9868-57a2d4851a1d" relativeResultsDirectory="e6d7ec2a-f801-43f8-ae19-e31c7c7d7913" />
    <UnitTestResult executionId="a58049ff-c35b-4496-b00c-11cf6b37d951" testId="ea71b78b-4def-f058-d0db-3a9a4a6a8075" testName="Exercise.Test1.ExerciseTest1.NameDoesNotContainEr" computerName="DESKTOP-5SU00QI" duration="00:00:00.0038422" startTime="2023-01-13T14:16:59.7251296-03:00" endTime="2023-01-13T14:16:59.7251296-03:00" testType="13cdc9d9-ddb5-4fa4-a97d-d965ccfc6d4b" outcome="Passed" testListId="8c84fa94-04c1-424b-9868-57a2d4851a1d" relativeResultsDirectory="a58049ff-c35b-4496-b00c-11cf6b37d951" />
    <UnitTestResult executionId="64da456f-ae04-40a8-aca9-26ed2513aa09" testId="46aaf847-b64e-137d-96ed-7a16d8383829" testName="Exercise.Test2.ExerciseTest2.D1NotEqualD2(year1: 2020, month1: 2, day1: 20, year2: 2020, month2: 2, day2: 20, expected: False)" computerName="DESKTOP-5SU00QI" duration="00:00:00.0000037" startTime="2023-01-13T14:16:59.7675374-03:00" endTime="2023-01-13T14:16:59.7675375-03:00" testType="13cdc9d9-ddb5-4fa4-a97d-d965ccfc6d4b" outcome="Passed" testListId="8c84fa94-04c1-424b-9868-57a2d4851a1d" relativeResultsDirectory="64da456f-ae04-40a8-aca9-26ed2513aa09" />
    <UnitTestResult executionId="47b46fee-f0b4-49a2-b0bd-f84a5425ce3a" testId="12f62f2b-e8f0-6c18-f7ed-f58e6663e6ca" testName="Exercise.Test3.ExerciseTest3.StudentList3ContainsJuanPerez" computerName="DESKTOP-5SU00QI" duration="00:00:00.0002298" startTime="2023-01-13T14:16:59.7688973-03:00" endTime="2023-01-13T14:16:59.7688973-03:00" testType="13cdc9d9-ddb5-4fa4-a97d-d965ccfc6d4b" outcome="Passed" testListId="8c84fa94-04c1-424b-9868-57a2d4851a1d" relativeResultsDirectory="47b46fee-f0b4-49a2-b0bd-f84a5425ce3a" />
    <UnitTestResult executionId="d0fa1e55-2851-4f0b-84ad-876d2f3e1a39" testId="9a37fe68-0e8c-4171-3d88-5dac869f5dc6" testName="Exercise.Test3.ExerciseTest3.StudentList3Contains25YearsOld" computerName="DESKTOP-5SU00QI" duration="00:00:00.0007743" startTime="2023-01-13T14:16:59.7684105-03:00" endTime="2023-01-13T14:16:59.7684106-03:00" testType="13cdc9d9-ddb5-4fa4-a97d-d965ccfc6d4b" outcome="Passed" testListId="8c84fa94-04c1-424b-9868-57a2d4851a1d" relativeResultsDirectory="d0fa1e55-2851-4f0b-84ad-876d2f3e1a39" />
    <UnitTestResult executionId="21345d9f-edcf-425d-bd4b-4a6cdb367915" testId="1b90bd34-2cdf-691d-cb44-dfb2c7d21534" testName="Exercise.Test1.ExerciseTest1.NicknameThrowsArgumentNullException" computerName="DESKTOP-5SU00QI" duration="00:00:00.0006445" startTime="2023-01-13T14:16:59.7681308-03:00" endTime="2023-01-13T14:16:59.7681308-03:00" testType="13cdc9d9-ddb5-4fa4-a97d-d965ccfc6d4b" outcome="Passed" testListId="8c84fa94-04c1-424b-9868-57a2d4851a1d" relativeResultsDirectory="21345d9f-edcf-425d-bd4b-4a6cdb367915" />
    <UnitTestResult executionId="707c8e91-7058-4947-b73f-850c6073710a" testId="29dd3947-c844-b8e4-770a-11a018ee986d" testName="Exercise.Test5.Class2Tests.TestMethod2" computerName="DESKTOP-5SU00QI" duration="00:00:00.0001444" startTime="2023-01-13T14:16:59.7682989-03:00" endTime="2023-01-13T14:16:59.7682989-03:00" testType="13cdc9d9-ddb5-4fa4-a97d-d965ccfc6d4b" outcome="Passed" testListId="8c84fa94-04c1-424b-9868-57a2d4851a1d" relativeResultsDirectory="707c8e91-7058-4947-b73f-850c6073710a" />
    <UnitTestResult executionId="f8a896c0-4e9c-4d52-bda3-f89d1355eda0" testId="9a4aeb63-ec65-cca3-20db-9472f4613f60" testName="Exercise.Test2.ExerciseTest2.NumGreaterOrEqualTo42(num: 43, expected: True)" computerName="DESKTOP-5SU00QI" duration="00:00:00.0037262" startTime="2023-01-13T14:16:59.7210949-03:00" endTime="2023-01-13T14:16:59.7211197-03:00" testType="13cdc9d9-ddb5-4fa4-a97d-d965ccfc6d4b" outcome="Passed" testListId="8c84fa94-04c1-424b-9868-57a2d4851a1d" relativeResultsDirectory="f8a896c0-4e9c-4d52-bda3-f89d1355eda0" />
    <UnitTestResult executionId="76d0d496-312b-4a70-b9b1-77915af67321" testId="475b32df-e834-7c06-67b4-311f9d14ee7c" testName="Exercise.Test4.ExerciseTest4.TestAddNumbersWithAdditionDataAttribute(a: 5, b: -3, expected: 2)" computerName="DESKTOP-5SU00QI" duration="00:00:00.0001350" startTime="2023-01-13T14:16:59.7648156-03:00" endTime="2023-01-13T14:16:59.7648157-03:00" testType="13cdc9d9-ddb5-4fa4-a97d-d965ccfc6d4b" outcome="Passed" testListId="8c84fa94-04c1-424b-9868-57a2d4851a1d" relativeResultsDirectory="76d0d496-312b-4a70-b9b1-77915af67321" />
    <UnitTestResult executionId="cb4f6a16-8af3-491b-8c3b-848f5f67a09a" testId="3cf0de06-f70e-b78a-8b63-7c8e29abb662" testName="Exercise.Test4.ExerciseTest4.TestAddNumbersWithAdditionDataAttribute(a: 1, b: 2, expected: 3)" computerName="DESKTOP-5SU00QI" duration="00:00:00.0000043" startTime="2023-01-13T14:16:59.7651330-03:00" endTime="2023-01-13T14:16:59.7651331-03:00" testType="13cdc9d9-ddb5-4fa4-a97d-d965ccfc6d4b" outcome="Passed" testListId="8c84fa94-04c1-424b-9868-57a2d4851a1d" relativeResultsDirectory="cb4f6a16-8af3-491b-8c3b-848f5f67a09a" />
    <UnitTestResult executionId="0a8e6e0b-e29c-43e4-82ac-49462ec12bdc" testId="025d4a3c-c480-f366-6da4-66d82251eb30" testName="Exercise.Test3.ExerciseTest3.StudentListHasTwoElements" computerName="DESKTOP-5SU00QI" duration="00:00:00.0000785" startTime="2023-01-13T14:16:59.7683824-03:00" endTime="2023-01-13T14:16:59.7683825-03:00" testType="13cdc9d9-ddb5-4fa4-a97d-d965ccfc6d4b" outcome="Passed" testListId="8c84fa94-04c1-424b-9868-57a2d4851a1d" relativeResultsDirectory="0a8e6e0b-e29c-43e4-82ac-49462ec12bdc" />
    <UnitTestResult executionId="bbf2e623-324f-489c-846c-e58e8bac2209" testId="d3505ccb-024a-885a-4cfa-e71061463b95" testName="Exercise.Test4.ExerciseTest4.TestAddNumbersWithMemberDataInternal(a: 5, b: -3, expected: 2)" computerName="DESKTOP-5SU00QI" duration="00:00:00.0039130" startTime="2023-01-13T14:16:59.7251183-03:00" endTime="2023-01-13T14:16:59.7251183-03:00" testType="13cdc9d9-ddb5-4fa4-a97d-d965ccfc6d4b" outcome="Passed" testListId="8c84fa94-04c1-424b-9868-57a2d4851a1d" relativeResultsDirectory="bbf2e623-324f-489c-846c-e58e8bac2209" />
    <UnitTestResult executionId="ceccc986-36a3-4a43-8b8f-995f5f4b3b82" testId="d21aee8b-c814-8a31-e692-b65b6d448619" testName="Exercise.Test2.ExerciseTest2.NumBetween40And50(num: 50, expected: True)" computerName="DESKTOP-5SU00QI" duration="00:00:00.0001014" startTime="2023-01-13T14:16:59.7651647-03:00" endTime="2023-01-13T14:16:59.7651648-03:00" testType="13cdc9d9-ddb5-4fa4-a97d-d965ccfc6d4b" outcome="Passed" testListId="8c84fa94-04c1-424b-9868-57a2d4851a1d" relativeResultsDirectory="ceccc986-36a3-4a43-8b8f-995f5f4b3b82" />
    <UnitTestResult executionId="8d0c5269-7388-421a-8633-a0953537b91a" testId="82a846d8-a2c7-68c5-5ef3-b17fb52a76e6" testName="Exercise.Test2.ExerciseTest2.D1EqualD2With8DaysRange(year1: 2020, month1: 2, day1: 20, year2: 2020, month2: 2, day2: 28, expected: True)" computerName="DESKTOP-5SU00QI" duration="00:00:00.0001306" startTime="2023-01-13T14:16:59.7675709-03:00" endTime="2023-01-13T14:16:59.7675709-03:00" testType="13cdc9d9-ddb5-4fa4-a97d-d965ccfc6d4b" outcome="Passed" testListId="8c84fa94-04c1-424b-9868-57a2d4851a1d" relativeResultsDirectory="8d0c5269-7388-421a-8633-a0953537b91a" />
    <UnitTestResult executionId="2759218d-d160-476e-b29a-738847f618c3" testId="2ecfb7b1-2170-3cbf-5411-da2a36bc219f" testName="Exercise.Test4.ExerciseTest4.TestAddNumbersWithMemberDataExternal(a: 1, b: 2, expected: 3)" computerName="DESKTOP-5SU00QI" duration="00:00:00.0000032" startTime="2023-01-13T14:16:59.7674630-03:00" endTime="2023-01-13T14:16:59.7674631-03:00" testType="13cdc9d9-ddb5-4fa4-a97d-d965ccfc6d4b" outcome="Passed" testListId="8c84fa94-04c1-424b-9868-57a2d4851a1d" relativeResultsDirectory="2759218d-d160-476e-b29a-738847f618c3" />
    <UnitTestResult executionId="00949a19-7e38-48f9-a511-a226a0dfa8ff" testId="633d6f49-d2de-9ec9-f107-bdef71829425" testName="Exercise.Test4.ExerciseTest4.TestAddNumbersWithInlineData(a: 1, b: 2, expected: 3)" computerName="DESKTOP-5SU00QI" duration="00:00:00.0000624" startTime="2023-01-13T14:16:59.7666438-03:00" endTime="2023-01-13T14:16:59.7666439-03:00" testType="13cdc9d9-ddb5-4fa4-a97d-d965ccfc6d4b" outcome="Passed" testListId="8c84fa94-04c1-424b-9868-57a2d4851a1d" relativeResultsDirectory="00949a19-7e38-48f9-a511-a226a0dfa8ff" />
    <UnitTestResult executionId="2bfbd13f-ed6f-4f3d-a202-22e3cff74c8f" testId="704ae617-d32e-77f1-ced8-160015fdcd3d" testName="Exercise.Test2.ExerciseTest2.NumGreaterOrEqualTo42(num: 41, expected: False)" computerName="DESKTOP-5SU00QI" duration="00:00:00.0000120" startTime="2023-01-13T14:16:59.7263643-03:00" endTime="2023-01-13T14:16:59.7263644-03:00" testType="13cdc9d9-ddb5-4fa4-a97d-d965ccfc6d4b" outcome="Passed" testListId="8c84fa94-04c1-424b-9868-57a2d4851a1d" relativeResultsDirectory="2bfbd13f-ed6f-4f3d-a202-22e3cff74c8f" />
    <UnitTestResult executionId="b23f9d18-de79-4d81-b0d0-0c315336a4bd" testId="0883c51c-f8ef-9991-2f5c-8aa86aa072f0" testName="Exercise.Test2.ExerciseTest2.NumBetween40And50(num: 40, expected: True)" computerName="DESKTOP-5SU00QI" duration="00:00:00.0000055" startTime="2023-01-13T14:16:59.7652211-03:00" endTime="2023-01-13T14:16:59.7652212-03:00" testType="13cdc9d9-ddb5-4fa4-a97d-d965ccfc6d4b" outcome="Passed" testListId="8c84fa94-04c1-424b-9868-57a2d4851a1d" relativeResultsDirectory="b23f9d18-de79-4d81-b0d0-0c315336a4bd" />
    <UnitTestResult executionId="88f7d4a8-5faf-4024-a905-980f92854369" testId="4fc5eda8-2717-f480-a42f-6fdf9c08e5d6" testName="Exercise.Test4.ExerciseTest4.TestAddNumbersWithAdditionDataAttribute(a: 0, b: 0, expected: 0)" computerName="DESKTOP-5SU00QI" duration="00:00:00.0000078" startTime="2023-01-13T14:16:59.7650898-03:00" endTime="2023-01-13T14:16:59.7650899-03:00" testType="13cdc9d9-ddb5-4fa4-a97d-d965ccfc6d4b" outcome="Passed" testListId="8c84fa94-04c1-424b-9868-57a2d4851a1d" relativeResultsDirectory="88f7d4a8-5faf-4024-a905-980f92854369" />
    <UnitTestResult executionId="40ed0453-0f06-48ab-8145-bc9807081bab" testId="7cce4ded-c25c-91f4-6410-b9f77f712a64" testName="Exercise.Test2.ExerciseTest2.NumLessThan50(num: 42, expected: True)" computerName="DESKTOP-5SU00QI" duration="00:00:00.0000566" startTime="2023-01-13T14:16:59.7666630-03:00" endTime="2023-01-13T14:16:59.7666631-03:00" testType="13cdc9d9-ddb5-4fa4-a97d-d965ccfc6d4b" outcome="Passed" testListId="8c84fa94-04c1-424b-9868-57a2d4851a1d" relativeResultsDirectory="40ed0453-0f06-48ab-8145-bc9807081bab" />
    <UnitTestResult executionId="753c8ec6-ec48-4272-b38d-bae621554294" testId="44fb2808-5d7c-dd1b-9b28-4e88d8a7032e" testName="Exercise.Test2.ExerciseTest2.D1EqualD2With8DaysRange(year1: 2020, month1: 2, day1: 20, year2: 2020, month2: 2, day2: 25, expected: True)" computerName="DESKTOP-5SU00QI" duration="00:00:00.0000059" startTime="2023-01-13T14:16:59.7675971-03:00" endTime="2023-01-13T14:16:59.7675972-03:00" testType="13cdc9d9-ddb5-4fa4-a97d-d965ccfc6d4b" outcome="Passed" testListId="8c84fa94-04c1-424b-9868-57a2d4851a1d" relativeResultsDirectory="753c8ec6-ec48-4272-b38d-bae621554294" />
    <UnitTestResult executionId="bc7ac9ac-e257-4329-a030-c47bcbbec684" testId="62437a9c-0729-62b2-fb84-1f6b79f2d23e" testName="Exercise.Test2.ExerciseTest2.NumBetween40And50(num: 51, expected: False)" computerName="DESKTOP-5SU00QI" duration="00:00:00.0000032" startTime="2023-01-13T14:16:59.7665955-03:00" endTime="2023-01-13T14:16:59.7665955-03:00" testType="13cdc9d9-ddb5-4fa4-a97d-d965ccfc6d4b" outcome="Passed" testListId="8c84fa94-04c1-424b-9868-57a2d4851a1d" relativeResultsDirectory="bc7ac9ac-e257-4329-a030-c47bcbbec684" />
    <UnitTestResult executionId="6ec64ad1-08af-4206-acb3-119506602831" testId="7a65a82a-897f-ff82-aee0-cf4ead74aefa" testName="Exercise.Test4.ExerciseTest4.TestAddNumbersWithMemberDataExternal(a: 5, b: -3, expected: 2)" computerName="DESKTOP-5SU00QI" duration="00:00:00.0000046" startTime="2023-01-13T14:16:59.7674248-03:00" endTime="2023-01-13T14:16:59.7674249-03:00" testType="13cdc9d9-ddb5-4fa4-a97d-d965ccfc6d4b" outcome="Passed" testListId="8c84fa94-04c1-424b-9868-57a2d4851a1d" relativeResultsDirectory="6ec64ad1-08af-4206-acb3-119506602831" />
    <UnitTestResult executionId="8930705a-6a46-4223-bf55-aac88a707987" testId="fa80c6ec-207a-f1f3-8d38-34d664311e8b" testName="Exercise.Test3.ExerciseTest3.StudentListEqualStudentList1" computerName="DESKTOP-5SU00QI" duration="00:00:00.0003522" startTime="2023-01-13T14:16:59.7689324-03:00" endTime="2023-01-13T14:16:59.7689325-03:00" testType="13cdc9d9-ddb5-4fa4-a97d-d965ccfc6d4b" outcome="Passed" testListId="8c84fa94-04c1-424b-9868-57a2d4851a1d" relativeResultsDirectory="8930705a-6a46-4223-bf55-aac88a707987" />
    <UnitTestResult executionId="ad99713b-7caa-419f-a33c-ddd42c235b56" testId="6af5469d-fc34-242f-e7c9-8b7bf4091dcf" testName="Exercise.Test1.ExerciseTest1.NameStartsWithJu" computerName="DESKTOP-5SU00QI" duration="00:00:00.0001337" startTime="2023-01-13T14:16:59.7682763-03:00" endTime="2023-01-13T14:16:59.7682764-03:00" testType="13cdc9d9-ddb5-4fa4-a97d-d965ccfc6d4b" outcome="Passed" testListId="8c84fa94-04c1-424b-9868-57a2d4851a1d" relativeResultsDirectory="ad99713b-7caa-419f-a33c-ddd42c235b56" />
  </Results>
  <TestDefinitions>
    <UnitTest name="Exercise.Test3.ExerciseTest3.StudentListEqualStudentList1" storage="d:\sistema\desktop\workspace\apicourse\bin\debug\net6.0\api exercise.dll" id="fa80c6ec-207a-f1f3-8d38-34d664311e8b">
      <Execution id="8930705a-6a46-4223-bf55-aac88a707987" />
      <TestMethod codeBase="D:\Sistema\Desktop\Workspace\APICourse\bin\Debug\net6.0\API exercise.dll" adapterTypeName="executor://xunit/VsTestRunner2/netcoreapp" className="Exercise.Test3.ExerciseTest3" name="StudentListEqualStudentList1" />
    </UnitTest>
    <UnitTest name="Exercise.Test2.ExerciseTest2.NumGreaterOrEqualTo42(num: 42, expected: True)" storage="d:\sistema\desktop\workspace\apicourse\bin\debug\net6.0\api exercise.dll" id="f7de06f9-1537-fbc3-12d8-eec2ded8ebd7">
      <Execution id="280d5ee6-e8c3-40fb-93a8-308f0efed3e1" />
      <TestMethod codeBase="D:\Sistema\Desktop\Workspace\APICourse\bin\Debug\net6.0\API exercise.dll" adapterTypeName="executor://xunit/VsTestRunner2/netcoreapp" className="Exercise.Test2.ExerciseTest2" name="NumGreaterOrEqualTo42" />
    </UnitTest>
    <UnitTest name="Exercise.Test4.ExerciseTest4.TestAddNumbersWithAdditionDataAttribute(a: 0, b: 0, expected: 0)" storage="d:\sistema\desktop\workspace\apicourse\bin\debug\net6.0\api exercise.dll" id="4fc5eda8-2717-f480-a42f-6fdf9c08e5d6">
      <Execution id="88f7d4a8-5faf-4024-a905-980f92854369" />
      <TestMethod codeBase="D:\Sistema\Desktop\Workspace\APICourse\bin\Debug\net6.0\API exercise.dll" adapterTypeName="executor://xunit/VsTestRunner2/netcoreapp" className="Exercise.Test4.ExerciseTest4" name="TestAddNumbersWithAdditionDataAttribute" />
    </UnitTest>
    <UnitTest name="Exercise.Test2.ExerciseTest2.NumLessThan50(num: 50, expected: False)" storage="d:\sistema\desktop\workspace\apicourse\bin\debug\net6.0\api exercise.dll" id="e3e7a577-7679-bb6c-943d-b6653eb7b3a9">
      <Execution id="b5d19fb1-37c4-4ca0-ac1a-e8a33252f243" />
      <TestMethod codeBase="D:\Sistema\Desktop\Workspace\APICourse\bin\Debug\net6.0\API exercise.dll" adapterTypeName="executor://xunit/VsTestRunner2/netcoreapp" className="Exercise.Test2.ExerciseTest2" name="NumLessThan50" />
    </UnitTest>
    <UnitTest name="Exercise.Test2.ExerciseTest2.NumGreaterOrEqualTo42(num: 43, expected: True)" storage="d:\sistema\desktop\workspace\apicourse\bin\debug\net6.0\api exercise.dll" id="9a4aeb63-ec65-cca3-20db-9472f4613f60">
      <Execution id="f8a896c0-4e9c-4d52-bda3-f89d1355eda0" />
      <TestMethod codeBase="D:\Sistema\Desktop\Workspace\APICourse\bin\Debug\net6.0\API exercise.dll" adapterTypeName="executor://xunit/VsTestRunner2/netcoreapp" className="Exercise.Test2.ExerciseTest2" name="NumGreaterOrEqualTo42" />
    </UnitTest>
    <UnitTest name="Exercise.Test4.ExerciseTest4.TestAddNumbersWithMemberDataExternal(a: 1, b: 2, expected: 3)" storage="d:\sistema\desktop\workspace\apicourse\bin\debug\net6.0\api exercise.dll" id="2ecfb7b1-2170-3cbf-5411-da2a36bc219f">
      <Execution id="2759218d-d160-476e-b29a-738847f618c3" />
      <TestMethod codeBase="D:\Sistema\Desktop\Workspace\APICourse\bin\Debug\net6.0\API exercise.dll" adapterTypeName="executor://xunit/VsTestRunner2/netcoreapp" className="Exercise.Test4.ExerciseTest4" name="TestAddNumbersWithMemberDataExternal" />
    </UnitTest>
    <UnitTest name="Exercise.Test3.ExerciseTest3.StudentList3Contains25YearsOld" storage="d:\sistema\desktop\workspace\apicourse\bin\debug\net6.0\api exercise.dll" id="9a37fe68-0e8c-4171-3d88-5dac869f5dc6">
      <Execution id="d0fa1e55-2851-4f0b-84ad-876d2f3e1a39" />
      <TestMethod codeBase="D:\Sistema\Desktop\Workspace\APICourse\bin\Debug\net6.0\API exercise.dll" adapterTypeName="executor://xunit/VsTestRunner2/netcoreapp" className="Exercise.Test3.ExerciseTest3" name="StudentList3Contains25YearsOld" />
    </UnitTest>
    <UnitTest name="Exercise.Test4.ExerciseTest4.TestAddNumbersWithInlineData(a: 1, b: 2, expected: 3)" storage="d:\sistema\desktop\workspace\apicourse\bin\debug\net6.0\api exercise.dll" id="633d6f49-d2de-9ec9-f107-bdef71829425">
      <Execution id="00949a19-7e38-48f9-a511-a226a0dfa8ff" />
      <TestMethod codeBase="D:\Sistema\Desktop\Workspace\APICourse\bin\Debug\net6.0\API exercise.dll" adapterTypeName="executor://xunit/VsTestRunner2/netcoreapp" className="Exercise.Test4.ExerciseTest4" name="TestAddNumbersWithInlineData" />
    </UnitTest>
    <UnitTest name="Exercise.Test1.ExerciseTest1.NameDoesNotContainEr" storage="d:\sistema\desktop\workspace\apicourse\bin\debug\net6.0\api exercise.dll" id="ea71b78b-4def-f058-d0db-3a9a4a6a8075">
      <Execution id="a58049ff-c35b-4496-b00c-11cf6b37d951" />
      <TestMethod codeBase="D:\Sistema\Desktop\Workspace\APICourse\bin\Debug\net6.0\API exercise.dll" adapterTypeName="executor://xunit/VsTestRunner2/netcoreapp" className="Exercise.Test1.ExerciseTest1" name="NameDoesNotContainEr" />
    </UnitTest>
    <UnitTest name="Exercise.Test2.ExerciseTest2.D1NotEqualD2(year1: 2020, month1: 2, day1: 20, year2: 2020, month2: 2, day2: 20, expected: False)" storage="d:\sistema\desktop\workspace\apicourse\bin\debug\net6.0\api exercise.dll" id="46aaf847-b64e-137d-96ed-7a16d8383829">
      <Execution id="64da456f-ae04-40a8-aca9-26ed2513aa09" />
      <TestMethod codeBase="D:\Sistema\Desktop\Workspace\APICourse\bin\Debug\net6.0\API exercise.dll" adapterTypeName="executor://xunit/VsTestRunner2/netcoreapp" className="Exercise.Test2.ExerciseTest2" name="D1NotEqualD2" />
    </UnitTest>
    <UnitTest name="Exercise.Test4.ExerciseTest4.TestAddNumbersWithMemberDataInternal(a: 0, b: 0, expected: 0)" storage="d:\sistema\desktop\workspace\apicourse\bin\debug\net6.0\api exercise.dll" id="1f5c962f-79e1-b815-a4b3-36e9ad78eb53">
      <Execution id="93c0b4c1-4f60-4eb7-82f2-4bc93eb7d886" />
      <TestMethod codeBase="D:\Sistema\Desktop\Workspace\APICourse\bin\Debug\net6.0\API exercise.dll" adapterTypeName="executor://xunit/VsTestRunner2/netcoreapp" className="Exercise.Test4.ExerciseTest4" name="TestAddNumbersWithMemberDataInternal" />
    </UnitTest>
    <UnitTest name="Exercise.Test4.ExerciseTest4.TestAddNumbersWithMemberDataInternal(a: 1, b: 2, expected: 3)" storage="d:\sistema\desktop\workspace\apicourse\bin\debug\net6.0\api exercise.dll" id="979bd4db-5ab9-8542-9276-0e5de84853c6">
      <Execution id="53c98894-0fc1-47ea-9548-9b233ba6feaa" />
      <TestMethod codeBase="D:\Sistema\Desktop\Workspace\APICourse\bin\Debug\net6.0\API exercise.dll" adapterTypeName="executor://xunit/VsTestRunner2/netcoreapp" className="Exercise.Test4.ExerciseTest4" name="TestAddNumbersWithMemberDataInternal" />
    </UnitTest>
    <UnitTest name="Exercise.Test4.ExerciseTest4.TestAddNumbersWithCsvData(a: 5, b: -3, expected: 2)" storage="d:\sistema\desktop\workspace\apicourse\bin\debug\net6.0\api exercise.dll" id="5afa4dbb-0716-16bd-ff09-29035d8af367">
      <Execution id="25415dfc-5a1c-4519-8895-13a25c7bbc89" />
      <TestMethod codeBase="D:\Sistema\Desktop\Workspace\APICourse\bin\Debug\net6.0\API exercise.dll" adapterTypeName="executor://xunit/VsTestRunner2/netcoreapp" className="Exercise.Test4.ExerciseTest4" name="TestAddNumbersWithCsvData" />
    </UnitTest>
    <UnitTest name="Exercise.Test3.ExerciseTest3.StudentList3ContainsJuanPerez" storage="d:\sistema\desktop\workspace\apicourse\bin\debug\net6.0\api exercise.dll" id="12f62f2b-e8f0-6c18-f7ed-f58e6663e6ca">
      <Execution id="47b46fee-f0b4-49a2-b0bd-f84a5425ce3a" />
      <TestMethod codeBase="D:\Sistema\Desktop\Workspace\APICourse\bin\Debug\net6.0\API exercise.dll" adapterTypeName="executor://xunit/VsTestRunner2/netcoreapp" className="Exercise.Test3.ExerciseTest3" name="StudentList3ContainsJuanPerez" />
    </UnitTest>
    <UnitTest name="Exercise.Test4.ExerciseTest4.TestAddNumbersWithCsvData(a: 1, b: 2, expected: 3)" storage="d:\sistema\desktop\workspace\apicourse\bin\debug\net6.0\api exercise.dll" id="3d1f3ad7-dd1a-fe23-ce08-bec2c689676b">
      <Execution id="a3462b15-406b-4f75-9262-064b8e6819fc" />
      <TestMethod codeBase="D:\Sistema\Desktop\Workspace\APICourse\bin\Debug\net6.0\API exercise.dll" adapterTypeName="executor://xunit/VsTestRunner2/netcoreapp" className="Exercise.Test4.ExerciseTest4" name="TestAddNumbersWithCsvData" />
    </UnitTest>
    <UnitTest name="Exercise.Test4.ExerciseTest4.TestAddNumbersWithMemberDataInternal(a: 5, b: -3, expected: 2)" storage="d:\sistema\desktop\workspace\apicourse\bin\debug\net6.0\api exercise.dll" id="d3505ccb-024a-885a-4cfa-e71061463b95">
      <Execution id="bbf2e623-324f-489c-846c-e58e8bac2209" />
      <TestMethod codeBase="D:\Sistema\Desktop\Workspace\APICourse\bin\Debug\net6.0\API exercise.dll" adapterTypeName="executor://xunit/VsTestRunner2/netcoreapp" className="Exercise.Test4.ExerciseTest4" name="TestAddNumbersWithMemberDataInternal" />
    </UnitTest>
    <UnitTest name="Exercise.Test4.ExerciseTest4.TestAddNumbersWithAdditionDataAttribute(a: 1, b: 2, expected: 3)" storage="d:\sistema\desktop\workspace\apicourse\bin\debug\net6.0\api exercise.dll" id="3cf0de06-f70e-b78a-8b63-7c8e29abb662">
      <Execution id="cb4f6a16-8af3-491b-8c3b-848f5f67a09a" />
      <TestMethod codeBase="D:\Sistema\Desktop\Workspace\APICourse\bin\Debug\net6.0\API exercise.dll" adapterTypeName="executor://xunit/VsTestRunner2/netcoreapp" className="Exercise.Test4.ExerciseTest4" name="TestAddNumbersWithAdditionDataAttribute" />
    </UnitTest>
    <UnitTest name="Exercise.Test4.ExerciseTest4.TestAddNumbersWithInlineData(a: 5, b: -3, expected: 2)" storage="d:\sistema\desktop\workspace\apicourse\bin\debug\net6.0\api exercise.dll" id="0749cd84-7d4d-3887-f0f8-c12e4b85c1bb">
      <Execution id="53d613c1-ac99-402b-aeb1-c6261887bf71" />
      <TestMethod codeBase="D:\Sistema\Desktop\Workspace\APICourse\bin\Debug\net6.0\API exercise.dll" adapterTypeName="executor://xunit/VsTestRunner2/netcoreapp" className="Exercise.Test4.ExerciseTest4" name="TestAddNumbersWithInlineData" />
    </UnitTest>
    <UnitTest name="Exercise.Test2.ExerciseTest2.NumLessThan50(num: 49, expected: True)" storage="d:\sistema\desktop\workspace\apicourse\bin\debug\net6.0\api exercise.dll" id="1faf6871-9a86-99f3-5489-d6f48e9659b3">
      <Execution id="aec4c455-271f-4f65-8b0f-122ec9401159" />
      <TestMethod codeBase="D:\Sistema\Desktop\Workspace\APICourse\bin\Debug\net6.0\API exercise.dll" adapterTypeName="executor://xunit/VsTestRunner2/netcoreapp" className="Exercise.Test2.ExerciseTest2" name="NumLessThan50" />
    </UnitTest>
    <UnitTest name="Exercise.Test2.ExerciseTest2.D1EqualD2With8DaysRange(year1: 2020, month1: 2, day1: 20, year2: 2020, month2: 2, day2: 28, expected: True)" storage="d:\sistema\desktop\workspace\apicourse\bin\debug\net6.0\api exercise.dll" id="82a846d8-a2c7-68c5-5ef3-b17fb52a76e6">
      <Execution id="8d0c5269-7388-421a-8633-a0953537b91a" />
      <TestMethod codeBase="D:\Sistema\Desktop\Workspace\APICourse\bin\Debug\net6.0\API exercise.dll" adapterTypeName="executor://xunit/VsTestRunner2/netcoreapp" className="Exercise.Test2.ExerciseTest2" name="D1EqualD2With8DaysRange" />
    </UnitTest>
    <UnitTest name="Exercise.Test4.ExerciseTest4.TestAddNumbersWithMemberDataExternal(a: 0, b: 0, expected: 0)" storage="d:\sistema\desktop\workspace\apicourse\bin\debug\net6.0\api exercise.dll" id="ad52401b-683c-6a3a-66e3-7289a31d98b9">
      <Execution id="9a04fcbd-9ec5-4914-aa33-bd9eabaa26f4" />
      <TestMethod codeBase="D:\Sistema\Desktop\Workspace\APICourse\bin\Debug\net6.0\API exercise.dll" adapterTypeName="executor://xunit/VsTestRunner2/netcoreapp" className="Exercise.Test4.ExerciseTest4" name="TestAddNumbersWithMemberDataExternal" />
    </UnitTest>
    <UnitTest name="Exercise.Test2.ExerciseTest2.D1EqualD2With8DaysRange(year1: 2021, month1: 2, day1: 20, year2: 2020, month2: 2, day2: 25, expected: False)" storage="d:\sistema\desktop\workspace\apicourse\bin\debug\net6.0\api exercise.dll" id="0d006a94-8702-2d18-0f8d-8c564e9c7edb">
      <Execution id="1fe6c1a7-af06-4f3b-80f6-da4b301396b4" />
      <TestMethod codeBase="D:\Sistema\Desktop\Workspace\APICourse\bin\Debug\net6.0\API exercise.dll" adapterTypeName="executor://xunit/VsTestRunner2/netcoreapp" className="Exercise.Test2.ExerciseTest2" name="D1EqualD2With8DaysRange" />
    </UnitTest>
    <UnitTest name="Exercise.Test3.ExerciseTest3.StudentList3HasUniqueElements" storage="d:\sistema\desktop\workspace\apicourse\bin\debug\net6.0\api exercise.dll" id="96eb0704-ad13-7108-568c-d1b49f2d98b8">
      <Execution id="d8eb02b7-7f79-42f3-b745-a1ec5f9aa6ca" />
      <TestMethod codeBase="D:\Sistema\Desktop\Workspace\APICourse\bin\Debug\net6.0\API exercise.dll" adapterTypeName="executor://xunit/VsTestRunner2/netcoreapp" className="Exercise.Test3.ExerciseTest3" name="StudentList3HasUniqueElements" />
    </UnitTest>
    <UnitTest name="Exercise.Test4.ExerciseTest4.TestAddNumbersWithAdditionDataAttribute(a: 5, b: -3, expected: 2)" storage="d:\sistema\desktop\workspace\apicourse\bin\debug\net6.0\api exercise.dll" id="475b32df-e834-7c06-67b4-311f9d14ee7c">
      <Execution id="76d0d496-312b-4a70-b9b1-77915af67321" />
      <TestMethod codeBase="D:\Sistema\Desktop\Workspace\APICourse\bin\Debug\net6.0\API exercise.dll" adapterTypeName="executor://xunit/VsTestRunner2/netcoreapp" className="Exercise.Test4.ExerciseTest4" name="TestAddNumbersWithAdditionDataAttribute" />
    </UnitTest>
    <UnitTest name="Exercise.Test4.ExerciseTest4.TestAddNumbersWithCsvData(a: 0, b: 0, expected: 0)" storage="d:\sistema\desktop\workspace\apicourse\bin\debug\net6.0\api exercise.dll" id="083b3549-1ff6-cf28-4153-ade080f279f1">
      <Execution id="9bfd22e4-f62b-4d2c-a360-76ef4c8b9eb1" />
      <TestMethod codeBase="D:\Sistema\Desktop\Workspace\APICourse\bin\Debug\net6.0\API exercise.dll" adapterTypeName="executor://xunit/VsTestRunner2/netcoreapp" className="Exercise.Test4.ExerciseTest4" name="TestAddNumbersWithCsvData" />
    </UnitTest>
    <UnitTest name="Exercise.Test2.ExerciseTest2.NumBetween40And50(num: 51, expected: False)" storage="d:\sistema\desktop\workspace\apicourse\bin\debug\net6.0\api exercise.dll" id="62437a9c-0729-62b2-fb84-1f6b79f2d23e">
      <Execution id="bc7ac9ac-e257-4329-a030-c47bcbbec684" />
      <TestMethod codeBase="D:\Sistema\Desktop\Workspace\APICourse\bin\Debug\net6.0\API exercise.dll" adapterTypeName="executor://xunit/VsTestRunner2/netcoreapp" className="Exercise.Test2.ExerciseTest2" name="NumBetween40And50" />
    </UnitTest>
    <UnitTest name="Exercise.Test2.ExerciseTest2.NumGreaterOrEqualTo42(num: 41, expected: False)" storage="d:\sistema\desktop\workspace\apicourse\bin\debug\net6.0\api exercise.dll" id="704ae617-d32e-77f1-ced8-160015fdcd3d">
      <Execution id="2bfbd13f-ed6f-4f3d-a202-22e3cff74c8f" />
      <TestMethod codeBase="D:\Sistema\Desktop\Workspace\APICourse\bin\Debug\net6.0\API exercise.dll" adapterTypeName="executor://xunit/VsTestRunner2/netcoreapp" className="Exercise.Test2.ExerciseTest2" name="NumGreaterOrEqualTo42" />
    </UnitTest>
    <UnitTest name="Exercise.Test2.ExerciseTest2.NumBetween40And50(num: 50, expected: True)" storage="d:\sistema\desktop\workspace\apicourse\bin\debug\net6.0\api exercise.dll" id="d21aee8b-c814-8a31-e692-b65b6d448619">
      <Execution id="ceccc986-36a3-4a43-8b8f-995f5f4b3b82" />
      <TestMethod codeBase="D:\Sistema\Desktop\Workspace\APICourse\bin\Debug\net6.0\API exercise.dll" adapterTypeName="executor://xunit/VsTestRunner2/netcoreapp" className="Exercise.Test2.ExerciseTest2" name="NumBetween40And50" />
    </UnitTest>
    <UnitTest name="Exercise.Test1.ExerciseTest1.IsNotMarried" storage="d:\sistema\desktop\workspace\apicourse\bin\debug\net6.0\api exercise.dll" id="c12f5976-f009-55a5-351f-3959f4788b25">
      <Execution id="f22ddcfc-1f92-4641-8a51-5baa65b04a32" />
      <TestMethod codeBase="D:\Sistema\Desktop\Workspace\APICourse\bin\Debug\net6.0\API exercise.dll" adapterTypeName="executor://xunit/VsTestRunner2/netcoreapp" className="Exercise.Test1.ExerciseTest1" name="IsNotMarried" />
    </UnitTest>
    <UnitTest name="Exercise.Test2.ExerciseTest2.NumBetween40And50(num: 39, expected: False)" storage="d:\sistema\desktop\workspace\apicourse\bin\debug\net6.0\api exercise.dll" id="99af94f3-96bd-2d87-751f-2f8ce4f4a5b0">
      <Execution id="6c9d0107-aaa8-4ac2-a5f1-adeb9fb92c25" />
      <TestMethod codeBase="D:\Sistema\Desktop\Workspace\APICourse\bin\Debug\net6.0\API exercise.dll" adapterTypeName="executor://xunit/VsTestRunner2/netcoreapp" className="Exercise.Test2.ExerciseTest2" name="NumBetween40And50" />
    </UnitTest>
    <UnitTest name="Exercise.Test2.ExerciseTest2.D1NotEqualD2(year1: 2021, month1: 2, day1: 20, year2: 2020, month2: 2, day2: 25, expected: True)" storage="d:\sistema\desktop\workspace\apicourse\bin\debug\net6.0\api exercise.dll" id="267132cc-52c5-5e72-497c-13ad41920421">
      <Execution id="507513b3-c580-4f5e-bf7e-eb27f99ab5a2" />
      <TestMethod codeBase="D:\Sistema\Desktop\Workspace\APICourse\bin\Debug\net6.0\API exercise.dll" adapterTypeName="executor://xunit/VsTestRunner2/netcoreapp" className="Exercise.Test2.ExerciseTest2" name="D1NotEqualD2" />
    </UnitTest>
    <UnitTest name="Exercise.Test1.ExerciseTest1.NameStartsWithJu" storage="d:\sistema\desktop\workspace\apicourse\bin\debug\net6.0\api exercise.dll" id="6af5469d-fc34-242f-e7c9-8b7bf4091dcf">
      <Execution id="ad99713b-7caa-419f-a33c-ddd42c235b56" />
      <TestMethod codeBase="D:\Sistema\Desktop\Workspace\APICourse\bin\Debug\net6.0\API exercise.dll" adapterTypeName="executor://xunit/VsTestRunner2/netcoreapp" className="Exercise.Test1.ExerciseTest1" name="NameStartsWithJu" />
    </UnitTest>
    <UnitTest name="Exercise.Test1.ExerciseTest1.NicknameThrowsArgumentNullException" storage="d:\sistema\desktop\workspace\apicourse\bin\debug\net6.0\api exercise.dll" id="1b90bd34-2cdf-691d-cb44-dfb2c7d21534">
      <Execution id="21345d9f-edcf-425d-bd4b-4a6cdb367915" />
      <TestMethod codeBase="D:\Sistema\Desktop\Workspace\APICourse\bin\Debug\net6.0\API exercise.dll" adapterTypeName="executor://xunit/VsTestRunner2/netcoreapp" className="Exercise.Test1.ExerciseTest1" name="NicknameThrowsArgumentNullException" />
    </UnitTest>
    <UnitTest name="Exercise.Test3.ExerciseTest3.StudentListHasTwoElements" storage="d:\sistema\desktop\workspace\apicourse\bin\debug\net6.0\api exercise.dll" id="025d4a3c-c480-f366-6da4-66d82251eb30">
      <Execution id="0a8e6e0b-e29c-43e4-82ac-49462ec12bdc" />
      <TestMethod codeBase="D:\Sistema\Desktop\Workspace\APICourse\bin\Debug\net6.0\API exercise.dll" adapterTypeName="executor://xunit/VsTestRunner2/netcoreapp" className="Exercise.Test3.ExerciseTest3" name="StudentListHasTwoElements" />
    </UnitTest>
    <UnitTest name="Exercise.Test1.ExerciseTest1.NameContainsUa" storage="d:\sistema\desktop\workspace\apicourse\bin\debug\net6.0\api exercise.dll" id="a0133b41-9755-34cd-8ddd-1a52eee498ab">
      <Execution id="e6d7ec2a-f801-43f8-ae19-e31c7c7d7913" />
      <TestMethod codeBase="D:\Sistema\Desktop\Workspace\APICourse\bin\Debug\net6.0\API exercise.dll" adapterTypeName="executor://xunit/VsTestRunner2/netcoreapp" className="Exercise.Test1.ExerciseTest1" name="NameContainsUa" />
    </UnitTest>
    <UnitTest name="Exercise.Test5.Class1Tests.TestMethod1" storage="d:\sistema\desktop\workspace\apicourse\bin\debug\net6.0\api exercise.dll" id="cfde0363-dd6c-4f53-9bf7-34d35bf96052">
      <Execution id="613b3a36-5e5e-4e4e-92d8-e991f4ff4799" />
      <TestMethod codeBase="D:\Sistema\Desktop\Workspace\APICourse\bin\Debug\net6.0\API exercise.dll" adapterTypeName="executor://xunit/VsTestRunner2/netcoreapp" className="Exercise.Test5.Class1Tests" name="TestMethod1" />
    </UnitTest>
    <UnitTest name="Exercise.Test2.ExerciseTest2.D1EqualD2With8DaysRange(year1: 2020, month1: 2, day1: 20, year2: 2020, month2: 2, day2: 25, expected: True)" storage="d:\sistema\desktop\workspace\apicourse\bin\debug\net6.0\api exercise.dll" id="44fb2808-5d7c-dd1b-9b28-4e88d8a7032e">
      <Execution id="753c8ec6-ec48-4272-b38d-bae621554294" />
      <TestMethod codeBase="D:\Sistema\Desktop\Workspace\APICourse\bin\Debug\net6.0\API exercise.dll" adapterTypeName="executor://xunit/VsTestRunner2/netcoreapp" className="Exercise.Test2.ExerciseTest2" name="D1EqualD2With8DaysRange" />
    </UnitTest>
    <UnitTest name="Exercise.Test2.ExerciseTest2.D1NotEqualD2(year1: 2020, month1: 2, day1: 20, year2: 2020, month2: 2, day2: 25, expected: True)" storage="d:\sistema\desktop\workspace\apicourse\bin\debug\net6.0\api exercise.dll" id="dae78d36-03b6-a4f8-3f44-5a4db2e474d2">
      <Execution id="cde9cdb5-19d2-4db8-a9dd-cf390d6cfc28" />
      <TestMethod codeBase="D:\Sistema\Desktop\Workspace\APICourse\bin\Debug\net6.0\API exercise.dll" adapterTypeName="executor://xunit/VsTestRunner2/netcoreapp" className="Exercise.Test2.ExerciseTest2" name="D1NotEqualD2" />
    </UnitTest>
    <UnitTest name="Exercise.Test1.ExerciseTest1.LastNameEndsWithEz" storage="d:\sistema\desktop\workspace\apicourse\bin\debug\net6.0\api exercise.dll" id="8b9e1c7c-170d-1a95-e238-17442b20fd0f">
      <Execution id="935120cb-0f0b-4140-97ba-a9966d5a2f54" />
      <TestMethod codeBase="D:\Sistema\Desktop\Workspace\APICourse\bin\Debug\net6.0\API exercise.dll" adapterTypeName="executor://xunit/VsTestRunner2/netcoreapp" className="Exercise.Test1.ExerciseTest1" name="LastNameEndsWithEz" />
    </UnitTest>
    <UnitTest name="Exercise.Test3.ExerciseTest3.StudentListNotEqualStudentList2" storage="d:\sistema\desktop\workspace\apicourse\bin\debug\net6.0\api exercise.dll" id="b0f32484-814c-052a-91cc-dc6db8c344ed">
      <Execution id="87dfc779-829a-4525-809a-c5c544e39dbe" />
      <TestMethod codeBase="D:\Sistema\Desktop\Workspace\APICourse\bin\Debug\net6.0\API exercise.dll" adapterTypeName="executor://xunit/VsTestRunner2/netcoreapp" className="Exercise.Test3.ExerciseTest3" name="StudentListNotEqualStudentList2" />
    </UnitTest>
    <UnitTest name="Exercise.Test4.ExerciseTest4.TestAddNumbersWithMemberDataExternal(a: 5, b: -3, expected: 2)" storage="d:\sistema\desktop\workspace\apicourse\bin\debug\net6.0\api exercise.dll" id="7a65a82a-897f-ff82-aee0-cf4ead74aefa">
      <Execution id="6ec64ad1-08af-4206-acb3-119506602831" />
      <TestMethod codeBase="D:\Sistema\Desktop\Workspace\APICourse\bin\Debug\net6.0\API exercise.dll" adapterTypeName="executor://xunit/VsTestRunner2/netcoreapp" className="Exercise.Test4.ExerciseTest4" name="TestAddNumbersWithMemberDataExternal" />
    </UnitTest>
    <UnitTest name="Exercise.Test5.Class2Tests.TestMethod2" storage="d:\sistema\desktop\workspace\apicourse\bin\debug\net6.0\api exercise.dll" id="29dd3947-c844-b8e4-770a-11a018ee986d">
      <Execution id="707c8e91-7058-4947-b73f-850c6073710a" />
      <TestMethod codeBase="D:\Sistema\Desktop\Workspace\APICourse\bin\Debug\net6.0\API exercise.dll" adapterTypeName="executor://xunit/VsTestRunner2/netcoreapp" className="Exercise.Test5.Class2Tests" name="TestMethod2" />
    </UnitTest>
    <UnitTest name="Exercise.Test2.ExerciseTest2.NumLessThan50(num: 42, expected: True)" storage="d:\sistema\desktop\workspace\apicourse\bin\debug\net6.0\api exercise.dll" id="7cce4ded-c25c-91f4-6410-b9f77f712a64">
      <Execution id="40ed0453-0f06-48ab-8145-bc9807081bab" />
      <TestMethod codeBase="D:\Sistema\Desktop\Workspace\APICourse\bin\Debug\net6.0\API exercise.dll" adapterTypeName="executor://xunit/VsTestRunner2/netcoreapp" className="Exercise.Test2.ExerciseTest2" name="NumLessThan50" />
    </UnitTest>
    <UnitTest name="Exercise.Test2.ExerciseTest2.NumBetween40And50(num: 40, expected: True)" storage="d:\sistema\desktop\workspace\apicourse\bin\debug\net6.0\api exercise.dll" id="0883c51c-f8ef-9991-2f5c-8aa86aa072f0">
      <Execution id="b23f9d18-de79-4d81-b0d0-0c315336a4bd" />
      <TestMethod codeBase="D:\Sistema\Desktop\Workspace\APICourse\bin\Debug\net6.0\API exercise.dll" adapterTypeName="executor://xunit/VsTestRunner2/netcoreapp" className="Exercise.Test2.ExerciseTest2" name="NumBetween40And50" />
    </UnitTest>
    <UnitTest name="Exercise.Test4.ExerciseTest4.TestAddNumbersWithInlineData(a: 0, b: 0, expected: 0)" storage="d:\sistema\desktop\workspace\apicourse\bin\debug\net6.0\api exercise.dll" id="35968605-d123-2ef3-9716-0c0caba02e1f">
      <Execution id="d3dd314a-ad94-4d3c-9c2d-0b7b39b536a2" />
      <TestMethod codeBase="D:\Sistema\Desktop\Workspace\APICourse\bin\Debug\net6.0\API exercise.dll" adapterTypeName="executor://xunit/VsTestRunner2/netcoreapp" className="Exercise.Test4.ExerciseTest4" name="TestAddNumbersWithInlineData" />
    </UnitTest>
  </TestDefinitions>
  <TestEntries>
    <TestEntry testId="cfde0363-dd6c-4f53-9bf7-34d35bf96052" executionId="613b3a36-5e5e-4e4e-92d8-e991f4ff4799" testListId="8c84fa94-04c1-424b-9868-57a2d4851a1d" />
    <TestEntry testId="c12f5976-f009-55a5-351f-3959f4788b25" executionId="f22ddcfc-1f92-4641-8a51-5baa65b04a32" testListId="8c84fa94-04c1-424b-9868-57a2d4851a1d" />
    <TestEntry testId="e3e7a577-7679-bb6c-943d-b6653eb7b3a9" executionId="b5d19fb1-37c4-4ca0-ac1a-e8a33252f243" testListId="8c84fa94-04c1-424b-9868-57a2d4851a1d" />
    <TestEntry testId="0d006a94-8702-2d18-0f8d-8c564e9c7edb" executionId="1fe6c1a7-af06-4f3b-80f6-da4b301396b4" testListId="8c84fa94-04c1-424b-9868-57a2d4851a1d" />
    <TestEntry testId="f7de06f9-1537-fbc3-12d8-eec2ded8ebd7" executionId="280d5ee6-e8c3-40fb-93a8-308f0efed3e1" testListId="8c84fa94-04c1-424b-9868-57a2d4851a1d" />
    <TestEntry testId="1faf6871-9a86-99f3-5489-d6f48e9659b3" executionId="aec4c455-271f-4f65-8b0f-122ec9401159" testListId="8c84fa94-04c1-424b-9868-57a2d4851a1d" />
    <TestEntry testId="0749cd84-7d4d-3887-f0f8-c12e4b85c1bb" executionId="53d613c1-ac99-402b-aeb1-c6261887bf71" testListId="8c84fa94-04c1-424b-9868-57a2d4851a1d" />
    <TestEntry testId="b0f32484-814c-052a-91cc-dc6db8c344ed" executionId="87dfc779-829a-4525-809a-c5c544e39dbe" testListId="8c84fa94-04c1-424b-9868-57a2d4851a1d" />
    <TestEntry testId="979bd4db-5ab9-8542-9276-0e5de84853c6" executionId="53c98894-0fc1-47ea-9548-9b233ba6feaa" testListId="8c84fa94-04c1-424b-9868-57a2d4851a1d" />
    <TestEntry testId="99af94f3-96bd-2d87-751f-2f8ce4f4a5b0" executionId="6c9d0107-aaa8-4ac2-a5f1-adeb9fb92c25" testListId="8c84fa94-04c1-424b-9868-57a2d4851a1d" />
    <TestEntry testId="5afa4dbb-0716-16bd-ff09-29035d8af367" executionId="25415dfc-5a1c-4519-8895-13a25c7bbc89" testListId="8c84fa94-04c1-424b-9868-57a2d4851a1d" />
    <TestEntry testId="3d1f3ad7-dd1a-fe23-ce08-bec2c689676b" executionId="a3462b15-406b-4f75-9262-064b8e6819fc" testListId="8c84fa94-04c1-424b-9868-57a2d4851a1d" />
    <TestEntry testId="8b9e1c7c-170d-1a95-e238-17442b20fd0f" executionId="935120cb-0f0b-4140-97ba-a9966d5a2f54" testListId="8c84fa94-04c1-424b-9868-57a2d4851a1d" />
    <TestEntry testId="35968605-d123-2ef3-9716-0c0caba02e1f" executionId="d3dd314a-ad94-4d3c-9c2d-0b7b39b536a2" testListId="8c84fa94-04c1-424b-9868-57a2d4851a1d" />
    <TestEntry testId="96eb0704-ad13-7108-568c-d1b49f2d98b8" executionId="d8eb02b7-7f79-42f3-b745-a1ec5f9aa6ca" testListId="8c84fa94-04c1-424b-9868-57a2d4851a1d" />
    <TestEntry testId="267132cc-52c5-5e72-497c-13ad41920421" executionId="507513b3-c580-4f5e-bf7e-eb27f99ab5a2" testListId="8c84fa94-04c1-424b-9868-57a2d4851a1d" />
    <TestEntry testId="ad52401b-683c-6a3a-66e3-7289a31d98b9" executionId="9a04fcbd-9ec5-4914-aa33-bd9eabaa26f4" testListId="8c84fa94-04c1-424b-9868-57a2d4851a1d" />
    <TestEntry testId="083b3549-1ff6-cf28-4153-ade080f279f1" executionId="9bfd22e4-f62b-4d2c-a360-76ef4c8b9eb1" testListId="8c84fa94-04c1-424b-9868-57a2d4851a1d" />
    <TestEntry testId="1f5c962f-79e1-b815-a4b3-36e9ad78eb53" executionId="93c0b4c1-4f60-4eb7-82f2-4bc93eb7d886" testListId="8c84fa94-04c1-424b-9868-57a2d4851a1d" />
    <TestEntry testId="dae78d36-03b6-a4f8-3f44-5a4db2e474d2" executionId="cde9cdb5-19d2-4db8-a9dd-cf390d6cfc28" testListId="8c84fa94-04c1-424b-9868-57a2d4851a1d" />
    <TestEntry testId="a0133b41-9755-34cd-8ddd-1a52eee498ab" executionId="e6d7ec2a-f801-43f8-ae19-e31c7c7d7913" testListId="8c84fa94-04c1-424b-9868-57a2d4851a1d" />
    <TestEntry testId="ea71b78b-4def-f058-d0db-3a9a4a6a8075" executionId="a58049ff-c35b-4496-b00c-11cf6b37d951" testListId="8c84fa94-04c1-424b-9868-57a2d4851a1d" />
    <TestEntry testId="46aaf847-b64e-137d-96ed-7a16d8383829" executionId="64da456f-ae04-40a8-aca9-26ed2513aa09" testListId="8c84fa94-04c1-424b-9868-57a2d4851a1d" />
    <TestEntry testId="12f62f2b-e8f0-6c18-f7ed-f58e6663e6ca" executionId="47b46fee-f0b4-49a2-b0bd-f84a5425ce3a" testListId="8c84fa94-04c1-424b-9868-57a2d4851a1d" />
    <TestEntry testId="9a37fe68-0e8c-4171-3d88-5dac869f5dc6" executionId="d0fa1e55-2851-4f0b-84ad-876d2f3e1a39" testListId="8c84fa94-04c1-424b-9868-57a2d4851a1d" />
    <TestEntry testId="1b90bd34-2cdf-691d-cb44-dfb2c7d21534" executionId="21345d9f-edcf-425d-bd4b-4a6cdb367915" testListId="8c84fa94-04c1-424b-9868-57a2d4851a1d" />
    <TestEntry testId="29dd3947-c844-b8e4-770a-11a018ee986d" executionId="707c8e91-7058-4947-b73f-850c6073710a" testListId="8c84fa94-04c1-424b-9868-57a2d4851a1d" />
    <TestEntry testId="9a4aeb63-ec65-cca3-20db-9472f4613f60" executionId="f8a896c0-4e9c-4d52-bda3-f89d1355eda0" testListId="8c84fa94-04c1-424b-9868-57a2d4851a1d" />
    <TestEntry testId="475b32df-e834-7c06-67b4-311f9d14ee7c" executionId="76d0d496-312b-4a70-b9b1-77915af67321" testListId="8c84fa94-04c1-424b-9868-57a2d4851a1d" />
    <TestEntry testId="3cf0de06-f70e-b78a-8b63-7c8e29abb662" executionId="cb4f6a16-8af3-491b-8c3b-848f5f67a09a" testListId="8c84fa94-04c1-424b-9868-57a2d4851a1d" />
    <TestEntry testId="025d4a3c-c480-f366-6da4-66d82251eb30" executionId="0a8e6e0b-e29c-43e4-82ac-49462ec12bdc" testListId="8c84fa94-04c1-424b-9868-57a2d4851a1d" />
    <TestEntry testId="d3505ccb-024a-885a-4cfa-e71061463b95" executionId="bbf2e623-324f-489c-846c-e58e8bac2209" testListId="8c84fa94-04c1-424b-9868-57a2d4851a1d" />
    <TestEntry testId="d21aee8b-c814-8a31-e692-b65b6d448619" executionId="ceccc986-36a3-4a43-8b8f-995f5f4b3b82" testListId="8c84fa94-04c1-424b-9868-57a2d4851a1d" />
    <TestEntry testId="82a846d8-a2c7-68c5-5ef3-b17fb52a76e6" executionId="8d0c5269-7388-421a-8633-a0953537b91a" testListId="8c84fa94-04c1-424b-9868-57a2d4851a1d" />
    <TestEntry testId="2ecfb7b1-2170-3cbf-5411-da2a36bc219f" executionId="2759218d-d160-476e-b29a-738847f618c3" testListId="8c84fa94-04c1-424b-9868-57a2d4851a1d" />
    <TestEntry testId="633d6f49-d2de-9ec9-f107-bdef71829425" executionId="00949a19-7e38-48f9-a511-a226a0dfa8ff" testListId="8c84fa94-04c1-424b-9868-57a2d4851a1d" />
    <TestEntry testId="704ae617-d32e-77f1-ced8-160015fdcd3d" executionId="2bfbd13f-ed6f-4f3d-a202-22e3cff74c8f" testListId="8c84fa94-04c1-424b-9868-57a2d4851a1d" />
    <TestEntry testId="0883c51c-f8ef-9991-2f5c-8aa86aa072f0" executionId="b23f9d18-de79-4d81-b0d0-0c315336a4bd" testListId="8c84fa94-04c1-424b-9868-57a2d4851a1d" />
    <TestEntry testId="4fc5eda8-2717-f480-a42f-6fdf9c08e5d6" executionId="88f7d4a8-5faf-4024-a905-980f92854369" testListId="8c84fa94-04c1-424b-9868-57a2d4851a1d" />
    <TestEntry testId="7cce4ded-c25c-91f4-6410-b9f77f712a64" executionId="40ed0453-0f06-48ab-8145-bc9807081bab" testListId="8c84fa94-04c1-424b-9868-57a2d4851a1d" />
    <TestEntry testId="44fb2808-5d7c-dd1b-9b28-4e88d8a7032e" executionId="753c8ec6-ec48-4272-b38d-bae621554294" testListId="8c84fa94-04c1-424b-9868-57a2d4851a1d" />
    <TestEntry testId="62437a9c-0729-62b2-fb84-1f6b79f2d23e" executionId="bc7ac9ac-e257-4329-a030-c47bcbbec684" testListId="8c84fa94-04c1-424b-9868-57a2d4851a1d" />
    <TestEntry testId="7a65a82a-897f-ff82-aee0-cf4ead74aefa" executionId="6ec64ad1-08af-4206-acb3-119506602831" testListId="8c84fa94-04c1-424b-9868-57a2d4851a1d" />
    <TestEntry testId="fa80c6ec-207a-f1f3-8d38-34d664311e8b" executionId="8930705a-6a46-4223-bf55-aac88a707987" testListId="8c84fa94-04c1-424b-9868-57a2d4851a1d" />
    <TestEntry testId="6af5469d-fc34-242f-e7c9-8b7bf4091dcf" executionId="ad99713b-7caa-419f-a33c-ddd42c235b56" testListId="8c84fa94-04c1-424b-9868-57a2d4851a1d" />
  </TestEntries>
  <TestLists>
    <TestList name="Results Not in a List" id="8c84fa94-04c1-424b-9868-57a2d4851a1d" />
    <TestList name="All Loaded Results" id="19431567-8539-422a-85d7-44ee4e166bda" />
  </TestLists>
  <ResultSummary outcome="Completed">
    <Counters total="45" executed="45" passed="45" failed="0" error="0" timeout="0" aborted="0" inconclusive="0" passedButRunAborted="0" notRunnable="0" notExecuted="0" disconnected="0" warning="0" completed="0" inProgress="0" pending="0" />
    <Output>
      <StdOut>[xUnit.net 00:00:00.00] xUnit.net VSTest Adapter v2.4.3+1b45f5407b (64-bit .NET 6.0.11)&#xD;
[xUnit.net 00:00:00.51]   Discovering: API exercise&#xD;
[xUnit.net 00:00:00.58]   Discovered:  API exercise&#xD;
[xUnit.net 00:00:00.58]   Starting:    API exercise&#xD;
[xUnit.net 00:00:00.71]   Finished:    API exercise&#xD;
</StdOut>
    </Output>
  </ResultSummary>
</TestRun>